<html>
<body>
<pre>
<h1>µVision Build Log</h1>
<h2>Tool Versions:</h2>
IDE-Version: ¦ÌVision V5.26.2.0
Copyright (C) 2018 ARM Ltd and ARM Germany GmbH. All rights reserved.
License Information: lo waichung, longan labs, LIC=8VRAR-KDN3F-1P1Z5-GQXQU-12VW3-WGLM1
 
Tool Versions:
Toolchain:       MDK-ARM Plus  Version: 5.26.2.0
Toolchain Path:  C:\Keil_v5\ARM\ARMCC\Bin
C Compiler:      Armcc.exe V5.06 update 6 (build 750)
Assembler:       Armasm.exe V5.06 update 6 (build 750)
Linker/Locator:  ArmLink.exe V5.06 update 6 (build 750)
Library Manager: ArmAr.exe V5.06 update 6 (build 750)
Hex Converter:   FromElf.exe V5.06 update 6 (build 750)
CPU DLL:         SARMCM3.DLL V5.26.2.0
Dialog DLL:      DCM.DLL V1.17.2.0
Target DLL:      Segger\JL2CM3.dll V2.99.31.0
Dialog DLL:      TCM.DLL V1.36.1.0
 
<h2>Project:</h2>
E:\Dropbox\LGI_Product\gd32µ¥Æ¬»ú\GD32C10x_Firmware_Library_V1.0.2\Template\Keil_project\Project.uvproj
Project File Date:  05/09/2022

<h2>Output:</h2>
*** Using Compiler 'V5.06 update 6 (build 750)', folder: 'C:\Keil_v5\ARM\ARMCC\Bin'
Build target 'GD32C10X'
compiling systick.c...
compiling gd32c10x_it.c...
compiling main.c...
compiling system_gd32c10x.c...
compiling gd32c10x_adc.c...
compiling gd32c10x_bkp.c...
compiling gd32c10x_crc.c...
compiling gd32c10x_ctc.c...
compiling gd32c10x_can.c...
compiling gd32c10x_dac.c...
compiling gd32c10x_dbg.c...
compiling gd32c10x_dma.c...
compiling gd32c10x_exti.c...
compiling gd32c10x_exmc.c...
compiling gd32c10x_fmc.c...
compiling gd32c10x_fwdgt.c...
compiling gd32c10x_gpio.c...
compiling gd32c10x_i2c.c...
compiling gd32c10x_pmu.c...
compiling gd32c10x_misc.c...
compiling gd32c10x_rcu.c...
compiling gd32c10x_spi.c...
compiling gd32c10x_rtc.c...
compiling gd32c10x_timer.c...
assembling startup_gd32c10x.s...
compiling gd32c10x_usart.c...
compiling gd32c10x_wwdgt.c...
compiling lcd_font.c...
compiling gd32c10x_eval.c...
compiling gd32c10x_lcd_eval.c...
linking...
Program Size: Code=3580 RO-data=368 RW-data=144 ZI-data=1024  
FromELF: creating hex file...
".\output\Project.axf" - 0 Error(s), 0 Warning(s).
Build Time Elapsed:  00:00:16
</pre>
</body>
</html>
