<html>
<body>
<pre>
<h1>礦ision Build Log</h1>
<h2>Tool Versions:</h2>
IDE-Version: μVision V5.26.2.0
Copyright (C) 2018 ARM Ltd and ARM Germany GmbH. All rights reserved.
License Information: Loovee luweicong, Lgi, LIC=JL22Z-J6ZTJ-55BT2-9KUIY-1LV2T-YFC31
 
Tool Versions:
Toolchain:       MDK-ARM Plus  Version: 5.26.2.0
Toolchain Path:  C:\Keil_v5\ARM\ARMCC\Bin
C Compiler:      Armcc.exe V5.06 update 6 (build 750)
Assembler:       Armasm.exe V5.06 update 6 (build 750)
Linker/Locator:  ArmLink.exe V5.06 update 6 (build 750)
Library Manager: ArmAr.exe V5.06 update 6 (build 750)
Hex Converter:   FromElf.exe V5.06 update 6 (build 750)
CPU DLL:         SARMCM3.DLL V5.26.2.0
Dialog DLL:      DCM.DLL V1.17.2.0
Target DLL:      STLink\ST-LINKIII-KEIL_SWO.dll V3.0.5.0
Dialog DLL:      TCM.DLL V1.36.1.0
 
<h2>Project:</h2>
E:\Dropbox\LGI_Product\gd32单片机\CANBED_DUAL项目\GD32_I2C_CAN_FIRMWARE\Firmware\project\template.uvprojx
Project File Date:  07/02/2022

<h2>Output:</h2>
*** Using Compiler 'V5.06 update 6 (build 750)', folder: 'C:\Keil_v5\ARM\ARMCC\Bin'
Build target 'Target 1'
compiling gd32c10x_it.c...
compiling main.c...
..\User\main.c(297): warning:  #188-D: enumerated type mixed with another type
              can_filter_mask_mode_init(__filt, __mask, __ext, i);
..\User\main.c(371): warning:  #188-D: enumerated type mixed with another type
              can_filter_mask_mode_init(__filt, __mask, __ext, 15+i);
..\User\main.c(488): warning:  #174-D: expression has no effect
  				__NOP;
..\User\main.c(506): warning:  #174-D: expression has no effect
          __NOP;
..\User\main.c(518): warning:  #174-D: expression has no effect
  				__NOP;
..\User\main.c(545): warning:  #174-D: expression has no effect
  				__NOP;
..\User\main.c(562): warning:  #174-D: expression has no effect
  				__NOP;
..\User\main.c(578): warning:  #174-D: expression has no effect
  						__NOP;
..\User\main.c(591): warning:  #174-D: expression has no effect
  				__NOP;
..\User\main.c: 9 warnings, 0 errors
linking...
Program Size: Code=9716 RO-data=584 RW-data=180 ZI-data=3244  
FromELF: creating hex file...
".\Objects\template.axf" - 0 Error(s), 9 Warning(s).

<h2>Software Packages used:</h2>

Package Vendor: GigaDevice
                http://gd32mcu.com/data/documents/pack/GigaDevice.GD32C10x_DFP.1.0.0.pack
                GigaDevice.GD32C10x_DFP.1.0.0
                GigaDevice GD32C10x Series Device Support and Examples

<h2>Collection of Component include folders:</h2>
  .\RTE\_Target_1
  C:\Keil_v5\ARM\PACK\GigaDevice\GD32C10x_DFP\1.0.0\Device\Include

<h2>Collection of Component Files used:</h2>
Build Time Elapsed:  00:00:00
</pre>
</body>
</html>
