<html>
<body>
<pre>
<h1>礦ision Build Log</h1>
<h2>Tool Versions:</h2>
IDE-Version: μVision V5.26.2.0
Copyright (C) 2018 ARM Ltd and ARM Germany GmbH. All rights reserved.
License Information: Waichung Lo, Lgi, LIC=ATTJJ-UJWC8-62PLB-27CQ4-20WQ0-IANND
 
Tool Versions:
Toolchain:       MDK-ARM Plus  Version: 5.26.2.0
Toolchain Path:  C:\Keil_v5\ARM\ARMCC\Bin
C Compiler:      Armcc.exe V5.06 update 6 (build 750)
Assembler:       Armasm.exe V5.06 update 6 (build 750)
Linker/Locator:  ArmLink.exe V5.06 update 6 (build 750)
Library Manager: ArmAr.exe V5.06 update 6 (build 750)
Hex Converter:   FromElf.exe V5.06 update 6 (build 750)
CPU DLL:         SARMCM3.DLL V5.26.2.0
Dialog DLL:      DCM.DLL V1.17.2.0
Target DLL:      UL2CM3.DLL V1.161.6.0
Dialog DLL:      TCM.DLL V1.36.1.0
 
<h2>Project:</h2>
E:\Dropbox\LGI_Product\gd32单片机\CANBED_DUAL项目\GD32C103C_DUAL_FIRMWARE\project\template.uvprojx
Project File Date:  07/02/2022

<h2>Output:</h2>
*** Using Compiler 'V5.06 update 6 (build 750)', folder: 'C:\Keil_v5\ARM\ARMCC\Bin'
Build target 'Target 1'
assembling startup_gd32c10x.s...
compiling systick.c...
compiling system_gd32c10x.c...
compiling gd32c10x_it.c...
compiling gd32c10x_adc.c...
compiling gd32c10x_crc.c...
compiling gd32c10x_bkp.c...
compiling gd32c10x_eval.c...
compiling gd32c10x_ctc.c...
compiling lgi_basic.c...
..\User\lgi_basic.c(126): warning:  #181-D: argument is incompatible with corresponding format string conversion
      printf("%s", *s);
..\User\lgi_basic.c(131): warning:  #181-D: argument is incompatible with corresponding format string conversion
      printf("%s\r\n", *s);
..\User\lgi_basic.c: 2 warnings, 0 errors
compiling gd32c10x_dma.c...
compiling gd32c10x_dac.c...
compiling gd32c10x_gpio.c...
compiling gd32c10x_fmc.c...
compiling gd32c10x_exti.c...
compiling gd32c10x_fwdgt.c...
compiling gd32c10x_can.c...
compiling gd32c10x_exmc.c...
compiling gd32c10x_dbg.c...
compiling gd32c10x_pmu.c...
compiling gd32c10x_misc.c...
compiling gd32c10x_rcu.c...
compiling gd32c10x_i2c.c...
compiling gd32c10x_rtc.c...
compiling gd32c10x_wwdgt.c...
compiling gd32c10x_timer.c...
compiling gd32c10x_spi.c...
compiling gd32c10x_usart.c...
linking...
Program Size: Code=3800 RO-data=368 RW-data=152 ZI-data=1144  
FromELF: creating hex file...
".\Objects\template.axf" - 0 Error(s), 2 Warning(s).

<h2>Software Packages used:</h2>

Package Vendor: GigaDevice
                http://gd32mcu.com/data/documents/pack/GigaDevice.GD32C10x_DFP.1.0.0.pack
                GigaDevice.GD32C10x_DFP.1.0.0
                GigaDevice GD32C10x Series Device Support and Examples

<h2>Collection of Component include folders:</h2>
  .\RTE\_Target_1
  C:\Keil_v5\ARM\PACK\GigaDevice\GD32C10x_DFP\1.0.0\Device\Include

<h2>Collection of Component Files used:</h2>
Build Time Elapsed:  00:00:05
</pre>
</body>
</html>
